# Synopsys Constraint Checker, version maplat, Build 1682R, built Mar 10 2017
# Copyright (C) 1994-2017 Synopsys, Inc. This Synopsys software and all associated documentation are proprietary to Synopsys, Inc. and may only be used pursuant to the terms and conditions of a written license agreement with Synopsys, Inc. All other use, reproduction, modification, or distribution of the Synopsys software or the associated documentation is strictly prohibited.

# Written on Wed Jul 12 20:48:43 2017


##### DESIGN INFO #######################################################

Top View:                "top"
Constraint File(s):      (none)




##### SUMMARY ############################################################

Found 0 issues in 0 out of 0 constraints


##### DETAILS ############################################################



Clock Relationships
*******************

Starting                            Ending                              |     rise to rise     |     fall to fall     |     rise to fall     |     fall to rise                     
-----------------------------------------------------------------------------------------------------------------------------------------------------------------------------------
System                              System                              |     1000.000         |     No paths         |     No paths         |     No paths                         
System                              pll|CLKOS_inferred_clock            |     1000.000         |     No paths         |     No paths         |     No paths                         
System                              pll|CLKOP_inferred_clock            |     1000.000         |     No paths         |     No paths         |     No paths                         
System                              top|clock_00_0096_derived_clock     |     1000.000         |     No paths         |     No paths         |     No paths                         
pll|CLKOS_inferred_clock            pll|CLKOS_inferred_clock            |     1000.000         |     No paths         |     No paths         |     No paths                         
pll|CLKOP_inferred_clock            System                              |     1000.000         |     No paths         |     No paths         |     No paths                         
pll|CLKOP_inferred_clock            pll|CLKOP_inferred_clock            |     1000.000         |     No paths         |     No paths         |     No paths                         
top|clock_00_0096_derived_clock     top|clock_00_0096_derived_clock     |     1000.000         |     No paths         |     No paths         |     No paths                         
===================================================================================================================================================================================
 Note: 'No paths' indicates there are no paths in the design for that pair of clock edges.
       'Diff grp' indicates that paths exist but the starting clock and ending clock are in different clock groups.


Unconstrained Start/End Points
******************************

p:led0
p:led1
p:led2
p:led3
p:led4
p:led5
p:led6
p:led7
p:osc_clk
p:rs_232_rx
p:rs_232_tx
p:spi_clk (bidir end point)
p:spi_clk (bidir start point)
p:spi_csn
p:spi_miso (bidir end point)
p:spi_miso (bidir start point)
p:spi_mosi (bidir end point)
p:spi_mosi (bidir start point)
p:stdby1
p:stdby_in
p:switch0
p:switch0_gnd


Inapplicable constraints
************************

(none)


Applicable constraints with issues
**********************************

(none)


Constraints with matching wildcard expressions
**********************************************

(none)


Library Report
**************


# End of Constraint Checker Report
